// Jest Snapshot v1, https://goo.gl/fbAQLP

exports[`Basic expander shoud match snapshot 1`] = `
.c5 {
  line-height: 1.15;
  -ms-text-size-adjust: 100%;
  -webkit-text-size-adjust: 100%;
  margin: 0;
  overflow: visible;
  text-transform: none;
  -webkit-appearance: button;
  margin: 0;
  padding: 0;
  border: 0;
  box-sizing: border-box;
  font: 100% inherit;
  line-height: 1;
  text-align: left;
  -webkit-text-decoration: none;
  text-decoration: none;
  vertical-align: baseline;
  color: inherit;
  background: none;
  cursor: inherit;
  display: inline-block;
  max-width: 100%;
  cursor: pointer;
}

.c5:-moz-focusring {
  outline: 1px dotted ButtonText;
}

.c5::-moz-focus-inner {
  border-style: none;
  padding: 0;
}

.c5::-webkit-file-upload-button {
  -webkit-appearance: button;
  font: inherit;
}

.c5::-webkit-inner-spin-button {
  height: auto;
}

.c5::-webkit-outer-spin-button {
  height: auto;
}

.c5::before,
.c5::after {
  box-sizing: border-box;
}

.c2 {
  line-height: 1.15;
  -ms-text-size-adjust: 100%;
  -webkit-text-size-adjust: 100%;
  margin: 0;
  padding: 0;
  border: 0;
  box-sizing: border-box;
  font: 100% inherit;
  line-height: 1;
  text-align: left;
  -webkit-text-decoration: none;
  text-decoration: none;
  vertical-align: baseline;
  color: inherit;
  background: none;
  cursor: inherit;
  display: block;
  max-width: 100%;
  word-wrap: normal;
  word-break: normal;
  white-space: normal;
}

.c2::before,
.c2::after {
  box-sizing: border-box;
}

.c0 {
  line-height: 1.15;
  -ms-text-size-adjust: 100%;
  -webkit-text-size-adjust: 100%;
  margin: 0;
  padding: 0;
  border: 0;
  box-sizing: border-box;
  font: 100% inherit;
  line-height: 1;
  text-align: left;
  -webkit-text-decoration: none;
  text-decoration: none;
  vertical-align: baseline;
  color: inherit;
  background: none;
  cursor: inherit;
  display: block;
  max-width: 100%;
  word-wrap: normal;
  word-break: normal;
  white-space: normal;
}

.c0::before,
.c0::after {
  box-sizing: border-box;
}

.c4 {
  line-height: 1.15;
  -ms-text-size-adjust: 100%;
  -webkit-text-size-adjust: 100%;
  margin: 0;
  padding: 0;
  border: 0;
  box-sizing: border-box;
  font: 100% inherit;
  line-height: 1;
  text-align: left;
  -webkit-text-decoration: none;
  text-decoration: none;
  vertical-align: baseline;
  color: inherit;
  background: none;
  cursor: inherit;
  display: inline;
  max-width: 100%;
  word-wrap: normal;
  word-break: normal;
  white-space: normal;
}

.c4::before,
.c4::after {
  box-sizing: border-box;
}

.c1 {
  color: hsl(0,0%,13%);
  -webkit-letter-spacing: 0;
  -moz-letter-spacing: 0;
  -ms-letter-spacing: 0;
  letter-spacing: 0;
  -webkit-text-decoration: none;
  text-decoration: none;
  word-break: break-word;
  overflow-wrap: break-word;
  -webkit-font-smoothing: antialiased;
  font-family: 'Source Sans Pro','Helvetica Neue','Arial',sans-serif;
  font-size: 18px;
  line-height: 1.5;
  font-weight: 400;
  background-color: hsl(0,0%,100%);
  position: relative;
  padding: 0;
  border: 1px solid hsl(212,63%,45%);
  border-radius: 2px;
  width: 100%;
  max-width: 100%;
}

.c1.fi-expander {
  display: block;
}

.c1:before {
  background-color: hsl(212,63%,98%);
  opacity: 0;
}

.c1.fi-expander--open {
  border-bottom: none;
}

.c7 {
  color: hsl(0,0%,13%);
  -webkit-letter-spacing: 0;
  -moz-letter-spacing: 0;
  -ms-letter-spacing: 0;
  letter-spacing: 0;
  -webkit-text-decoration: none;
  text-decoration: none;
  word-break: break-word;
  overflow-wrap: break-word;
  -webkit-font-smoothing: antialiased;
  font-family: 'Source Sans Pro','Helvetica Neue','Arial',sans-serif;
  font-size: 18px;
  line-height: 1.5;
  font-weight: 400;
  background-color: hsl(0,0%,100%);
  border-radius: inherit;
  position: relative;
  visibility: hidden;
  height: 0;
  overflow: hidden;
  word-break: break-word;
  -webkit-transform-origin: top;
  -ms-transform-origin: top;
  transform-origin: top;
  -webkit-transition: all 50ms cubic-bezier(0.28,0.84,0.42,1);
  transition: all 50ms cubic-bezier(0.28,0.84,0.42,1);
  will-change: transition,height;
}

.c7.fi-expander {
  display: block;
}

.c7:not(.fi-expander_content--no-padding) {
  padding: 0 16px;
}

.c7.fi-expander_content--open {
  visibility: visible;
  height: auto;
  border-bottom: 1px solid hsl(212,63%,45%);
  border-top-left-radius: 0;
  border-top-right-radius: 0;
  -webkit-animation: fi-expander_content-anim 50ms cubic-bezier(0.28,0.84,0.42,1) 1 forwards;
  animation: fi-expander_content-anim 50ms cubic-bezier(0.28,0.84,0.42,1) 1 forwards;
}

.c7.fi-expander_content--open:not(.fi-expander_content--no-padding) {
  padding-top: 10px;
  padding-right: 20px;
  padding-bottom: 20px;
  padding-left: 20px;
}

.c6 {
  vertical-align: baseline;
}

.c6.fi-icon {
  display: inline-block;
}

.c6 .fi-icon-base-fill {
  fill: currentColor;
}

.c6 .fi-icon-base-stroke {
  stroke: currentColor;
}

.c6.fi-icon--cursor-pointer {
  cursor: pointer;
}

.c6.fi-icon--cursor-pointer * {
  cursor: inherit;
}

.c3 {
  color: hsl(0,0%,13%);
  position: relative;
  width: 100%;
  max-width: 100%;
  min-height: 60px;
  background-color: hsl(212,63%,98%);
  border-radius: inherit;
}

.c3:hover {
  background: linear-gradient(0deg,hsl(215,100%,95%),hsl(215,100%,97%));
}

.c3 .fi-expander_title-button {
  display: block;
}

.c3.fi-expander_title-button--open {
  background-color: hsl(0,0%,100%);
  border-bottom-left-radius: 0;
  border-bottom-right-radius: 0;
}

.c3 .fi-expander_title-button_button {
  color: hsl(0,0%,13%);
  -webkit-letter-spacing: 0;
  -moz-letter-spacing: 0;
  -ms-letter-spacing: 0;
  letter-spacing: 0;
  -webkit-text-decoration: none;
  text-decoration: none;
  word-break: break-word;
  overflow-wrap: break-word;
  -webkit-font-smoothing: antialiased;
  font-family: 'Source Sans Pro','Helvetica Neue','Arial',sans-serif;
  font-size: 16px;
  line-height: 1.5;
  font-weight: 600;
  font-size: 14px;
  line-height: 20px;
  -webkit-letter-spacing: 0;
  -moz-letter-spacing: 0;
  -ms-letter-spacing: 0;
  letter-spacing: 0;
  -webkit-text-decoration: none;
  text-decoration: none;
  word-break: break-word;
  overflow-wrap: break-word;
  -webkit-font-smoothing: antialiased;
  font-family: 'Source Sans Pro','Helvetica Neue','Arial',sans-serif;
  font-size: 18px;
  line-height: 1.5;
  font-weight: 600;
  color: hsl(212,63%,45%);
  display: inline-block;
  width: 100%;
  max-width: 100%;
  min-height: 60px;
  padding: 17px 60px 16px 20px;
}

.c3 .fi-expander_title-button_button:focus {
  outline: 0;
}

.c3 .fi-expander_title-button_button:focus-within {
  outline: 0;
}

.c3 .fi-expander_title-button_button:focus-within:after {
  content: '';
  position: absolute;
  pointer-events: none;
  top: -2px;
  right: -2px;
  bottom: -2px;
  left: -2px;
  border-radius: 2px;
  background-color: transparent;
  border: 0px solid hsl(0,0%,100%);
  box-sizing: border-box;
  box-shadow: 0 0 0 2px hsl(196,77%,44%);
  z-index: 9999;
}

.c3 .fi-expander_title-button_button:not(:focus-visible) {
  outline: 0;
}

.c3 .fi-expander_title-button_button:not(:focus-visible):after {
  content: none;
}

.c3 .fi-expander_title-button_button * {
  cursor: pointer;
}

.c3 .fi-expander_title-button_button:hover,
.c3 .fi-expander_title-button_button:active,
.c3 .fi-expander_title-button_button:focus,
.c3 .fi-expander_title-button_button:focus-within {
  cursor: pointer;
}

.c3 .fi-expander_title-button-icon {
  position: absolute;
  top: 0;
  right: 0;
  height: 20px;
  width: 20px;
  margin: 20px;
}

.c3 .fi-expander_title-button--open .fi-expander_title-button-icon,
.c3 .fi-expander_title-button-icon--open {
  -webkit-transform: rotate(-180deg);
  -ms-transform: rotate(-180deg);
  transform: rotate(-180deg);
}

<div
  class="c0 c1 expander-test fi-expander"
  id="4"
>
  <div
    class="c2 c3 fi-expander_title-button"
    data-testid="expander-title"
  >
    <span
      class="c4"
    >
      <button
        aria-controls="4_content"
        aria-expanded="false"
        class="c5 fi-expander_title-button_button"
        type="button"
      >
        <span
          class="c4"
          id="4_title"
        >
          Test expander
        </span>
        <svg
          aria-hidden="true"
          class="fi-icon c6 fi-expander_title-button-icon"
          focusable="false"
          height="1em"
          viewBox="0 0 24 24"
          width="1em"
          xmlns="http://www.w3.org/2000/svg"
        >
          <path
            class="fi-icon-base-fill"
            d="M12.99 15.61c-.273.26-.632.39-.99.39s-.717-.13-.99-.39l-5.6-5.334a1.287 1.287 0 010-1.885 1.448 1.448 0 011.98 0l4.61 4.39 4.61-4.39a1.448 1.448 0 011.98 0c.547.52.547 1.365 0 1.885l-5.6 5.333z"
            fill="#222"
            fill-rule="evenodd"
          />
        </svg>
      </button>
    </span>
  </div>
  <div
    aria-hidden="true"
    aria-labelledby="4_title"
    class="c2 c7 fi-expander_content"
    id="4_content"
    role="region"
  >
    Test expander content
  </div>
</div>
`;
