// Jest Snapshot v1, https://goo.gl/fbAQLP

exports[`calling render with the same component on the same container does not remount 1`] = `
.c0 {
  -webkit-letter-spacing: 0;
  -moz-letter-spacing: 0;
  -ms-letter-spacing: 0;
  letter-spacing: 0;
  -webkit-text-decoration: none;
  text-decoration: none;
  word-break: break-word;
  overflow-wrap: break-word;
  -webkit-font-smoothing: antialiased;
  font-family: 'Source Sans Pro','Helvetica Neue','Arial',sans-serif;
  font-size: 18px;
  line-height: 1.5;
  font-weight: 400;
}

.c0.fi-link--router {
  color: hsl(212,63%,45%);
  -webkit-text-decoration: none;
  text-decoration: none;
}

.c0.fi-link--router:hover,
.c0.fi-link--router:active,
.c0.fi-link--router:focus,
.c0.fi-link--router:focus-within {
  color: hsl(212,63%,45%);
}

.c0.fi-link--router:focus,
.c0.fi-link--router:focus-within {
  -webkit-text-decoration: none;
  text-decoration: none;
}

.c0.fi-link--router:focus {
  outline: 0;
  border-radius: 2px;
  box-shadow: 0 0 0 2px hsl(196,77%,44%);
}

.c0.fi-link--router:hover,
.c0.fi-link--router:active {
  -webkit-text-decoration: underline;
  text-decoration: underline;
}

.c0.fi-link--router:visited {
  color: hsl(284,36%,45%);
}

<a
  class="fi-link--router c0"
  data-testid="test-link"
  href="/"
>
  Hey this is a test
</a>
`;
