// Jest Snapshot v1, https://goo.gl/fbAQLP

exports[`calling render with the same component on the same container does not remount 1`] = `
.c0 {
  line-height: 1.15;
  -ms-text-size-adjust: 100%;
  -webkit-text-size-adjust: 100%;
  margin: 0;
  padding: 0;
  border: 0;
  box-sizing: border-box;
  font: 100% inherit;
  line-height: 1;
  text-align: left;
  -webkit-text-decoration: none;
  text-decoration: none;
  vertical-align: baseline;
  color: inherit;
  background: none;
  cursor: inherit;
  display: block;
  max-width: 100%;
  word-wrap: normal;
  word-break: normal;
  white-space: normal;
}

.c0::before,
.c0::after {
  box-sizing: border-box;
}

.c1 {
  color: hsl(0,0%,16%);
  -webkit-letter-spacing: 0;
  -moz-letter-spacing: 0;
  -ms-letter-spacing: 0;
  letter-spacing: 0;
  -webkit-text-decoration: none;
  text-decoration: none;
  word-break: break-word;
  overflow-wrap: break-word;
  -webkit-font-smoothing: antialiased;
  font-family: 'Source Sans Pro','Helvetica Neue','Arial',sans-serif;
  font-size: 18px;
  line-height: 1.5;
  font-weight: 400;
}

.c1.fi-block--margin-xxs {
  margin: 5px;
}

.c1.fi-block--margin-xs {
  margin: 10px;
}

.c1.fi-block--margin-s {
  margin: 15px;
}

.c1.fi-block--margin-m {
  margin: 20px;
}

.c1.fi-block--margin-l {
  margin: 25px;
}

.c1.fi-block--margin-xl {
  margin: 30px;
}

.c1.fi-block--margin-xxl {
  margin: 40px;
}

.c1.fi-block--margin-xxxl {
  margin: 60px;
}

.c1.fi-block--margin-xxxxl {
  margin: 80px;
}

.c1.fi-block--margin-insetXxs {
  margin: 2px;
}

.c1.fi-block--margin-insetXs {
  margin: 4px;
}

.c1.fi-block--margin-insetS {
  margin: 6px;
}

.c1.fi-block--margin-insetM {
  margin: 8px;
}

.c1.fi-block--margin-insetL {
  margin: 10px;
}

.c1.fi-block--margin-insetXl {
  margin: 16px;
}

.c1.fi-block--margin-insetXxl {
  margin: 20px;
}

.c1.fi-block--margin-top-xxs {
  margin-top: 5px;
}

.c1.fi-block--margin-top-xs {
  margin-top: 10px;
}

.c1.fi-block--margin-top-s {
  margin-top: 15px;
}

.c1.fi-block--margin-top-m {
  margin-top: 20px;
}

.c1.fi-block--margin-top-l {
  margin-top: 25px;
}

.c1.fi-block--margin-top-xl {
  margin-top: 30px;
}

.c1.fi-block--margin-top-xxl {
  margin-top: 40px;
}

.c1.fi-block--margin-top-xxxl {
  margin-top: 60px;
}

.c1.fi-block--margin-top-xxxxl {
  margin-top: 80px;
}

.c1.fi-block--margin-top-insetXxs {
  margin-top: 2px;
}

.c1.fi-block--margin-top-insetXs {
  margin-top: 4px;
}

.c1.fi-block--margin-top-insetS {
  margin-top: 6px;
}

.c1.fi-block--margin-top-insetM {
  margin-top: 8px;
}

.c1.fi-block--margin-top-insetL {
  margin-top: 10px;
}

.c1.fi-block--margin-top-insetXl {
  margin-top: 16px;
}

.c1.fi-block--margin-top-insetXxl {
  margin-top: 20px;
}

.c1.fi-block--margin-right-xxs {
  margin-right: 5px;
}

.c1.fi-block--margin-right-xs {
  margin-right: 10px;
}

.c1.fi-block--margin-right-s {
  margin-right: 15px;
}

.c1.fi-block--margin-right-m {
  margin-right: 20px;
}

.c1.fi-block--margin-right-l {
  margin-right: 25px;
}

.c1.fi-block--margin-right-xl {
  margin-right: 30px;
}

.c1.fi-block--margin-right-xxl {
  margin-right: 40px;
}

.c1.fi-block--margin-right-xxxl {
  margin-right: 60px;
}

.c1.fi-block--margin-right-xxxxl {
  margin-right: 80px;
}

.c1.fi-block--margin-right-insetXxs {
  margin-right: 2px;
}

.c1.fi-block--margin-right-insetXs {
  margin-right: 4px;
}

.c1.fi-block--margin-right-insetS {
  margin-right: 6px;
}

.c1.fi-block--margin-right-insetM {
  margin-right: 8px;
}

.c1.fi-block--margin-right-insetL {
  margin-right: 10px;
}

.c1.fi-block--margin-right-insetXl {
  margin-right: 16px;
}

.c1.fi-block--margin-right-insetXxl {
  margin-right: 20px;
}

.c1.fi-block--margin-bottom-xxs {
  margin-bottom: 5px;
}

.c1.fi-block--margin-bottom-xs {
  margin-bottom: 10px;
}

.c1.fi-block--margin-bottom-s {
  margin-bottom: 15px;
}

.c1.fi-block--margin-bottom-m {
  margin-bottom: 20px;
}

.c1.fi-block--margin-bottom-l {
  margin-bottom: 25px;
}

.c1.fi-block--margin-bottom-xl {
  margin-bottom: 30px;
}

.c1.fi-block--margin-bottom-xxl {
  margin-bottom: 40px;
}

.c1.fi-block--margin-bottom-xxxl {
  margin-bottom: 60px;
}

.c1.fi-block--margin-bottom-xxxxl {
  margin-bottom: 80px;
}

.c1.fi-block--margin-bottom-insetXxs {
  margin-bottom: 2px;
}

.c1.fi-block--margin-bottom-insetXs {
  margin-bottom: 4px;
}

.c1.fi-block--margin-bottom-insetS {
  margin-bottom: 6px;
}

.c1.fi-block--margin-bottom-insetM {
  margin-bottom: 8px;
}

.c1.fi-block--margin-bottom-insetL {
  margin-bottom: 10px;
}

.c1.fi-block--margin-bottom-insetXl {
  margin-bottom: 16px;
}

.c1.fi-block--margin-bottom-insetXxl {
  margin-bottom: 20px;
}

.c1.fi-block--margin-left-xxs {
  margin-left: 5px;
}

.c1.fi-block--margin-left-xs {
  margin-left: 10px;
}

.c1.fi-block--margin-left-s {
  margin-left: 15px;
}

.c1.fi-block--margin-left-m {
  margin-left: 20px;
}

.c1.fi-block--margin-left-l {
  margin-left: 25px;
}

.c1.fi-block--margin-left-xl {
  margin-left: 30px;
}

.c1.fi-block--margin-left-xxl {
  margin-left: 40px;
}

.c1.fi-block--margin-left-xxxl {
  margin-left: 60px;
}

.c1.fi-block--margin-left-xxxxl {
  margin-left: 80px;
}

.c1.fi-block--margin-left-insetXxs {
  margin-left: 2px;
}

.c1.fi-block--margin-left-insetXs {
  margin-left: 4px;
}

.c1.fi-block--margin-left-insetS {
  margin-left: 6px;
}

.c1.fi-block--margin-left-insetM {
  margin-left: 8px;
}

.c1.fi-block--margin-left-insetL {
  margin-left: 10px;
}

.c1.fi-block--margin-left-insetXl {
  margin-left: 16px;
}

.c1.fi-block--margin-left-insetXxl {
  margin-left: 20px;
}

.c1.fi-block--padding-xxs {
  padding: 5px;
}

.c1.fi-block--padding-xs {
  padding: 10px;
}

.c1.fi-block--padding-s {
  padding: 15px;
}

.c1.fi-block--padding-m {
  padding: 20px;
}

.c1.fi-block--padding-l {
  padding: 25px;
}

.c1.fi-block--padding-xl {
  padding: 30px;
}

.c1.fi-block--padding-xxl {
  padding: 40px;
}

.c1.fi-block--padding-xxxl {
  padding: 60px;
}

.c1.fi-block--padding-xxxxl {
  padding: 80px;
}

.c1.fi-block--padding-insetXxs {
  padding: 2px;
}

.c1.fi-block--padding-insetXs {
  padding: 4px;
}

.c1.fi-block--padding-insetS {
  padding: 6px;
}

.c1.fi-block--padding-insetM {
  padding: 8px;
}

.c1.fi-block--padding-insetL {
  padding: 10px;
}

.c1.fi-block--padding-insetXl {
  padding: 16px;
}

.c1.fi-block--padding-insetXxl {
  padding: 20px;
}

.c1.fi-block--padding-top-xxs {
  padding-top: 5px;
}

.c1.fi-block--padding-top-xs {
  padding-top: 10px;
}

.c1.fi-block--padding-top-s {
  padding-top: 15px;
}

.c1.fi-block--padding-top-m {
  padding-top: 20px;
}

.c1.fi-block--padding-top-l {
  padding-top: 25px;
}

.c1.fi-block--padding-top-xl {
  padding-top: 30px;
}

.c1.fi-block--padding-top-xxl {
  padding-top: 40px;
}

.c1.fi-block--padding-top-xxxl {
  padding-top: 60px;
}

.c1.fi-block--padding-top-xxxxl {
  padding-top: 80px;
}

.c1.fi-block--padding-top-insetXxs {
  padding-top: 2px;
}

.c1.fi-block--padding-top-insetXs {
  padding-top: 4px;
}

.c1.fi-block--padding-top-insetS {
  padding-top: 6px;
}

.c1.fi-block--padding-top-insetM {
  padding-top: 8px;
}

.c1.fi-block--padding-top-insetL {
  padding-top: 10px;
}

.c1.fi-block--padding-top-insetXl {
  padding-top: 16px;
}

.c1.fi-block--padding-top-insetXxl {
  padding-top: 20px;
}

.c1.fi-block--padding-right-xxs {
  padding-right: 5px;
}

.c1.fi-block--padding-right-xs {
  padding-right: 10px;
}

.c1.fi-block--padding-right-s {
  padding-right: 15px;
}

.c1.fi-block--padding-right-m {
  padding-right: 20px;
}

.c1.fi-block--padding-right-l {
  padding-right: 25px;
}

.c1.fi-block--padding-right-xl {
  padding-right: 30px;
}

.c1.fi-block--padding-right-xxl {
  padding-right: 40px;
}

.c1.fi-block--padding-right-xxxl {
  padding-right: 60px;
}

.c1.fi-block--padding-right-xxxxl {
  padding-right: 80px;
}

.c1.fi-block--padding-right-insetXxs {
  padding-right: 2px;
}

.c1.fi-block--padding-right-insetXs {
  padding-right: 4px;
}

.c1.fi-block--padding-right-insetS {
  padding-right: 6px;
}

.c1.fi-block--padding-right-insetM {
  padding-right: 8px;
}

.c1.fi-block--padding-right-insetL {
  padding-right: 10px;
}

.c1.fi-block--padding-right-insetXl {
  padding-right: 16px;
}

.c1.fi-block--padding-right-insetXxl {
  padding-right: 20px;
}

.c1.fi-block--padding-bottom-xxs {
  padding-bottom: 5px;
}

.c1.fi-block--padding-bottom-xs {
  padding-bottom: 10px;
}

.c1.fi-block--padding-bottom-s {
  padding-bottom: 15px;
}

.c1.fi-block--padding-bottom-m {
  padding-bottom: 20px;
}

.c1.fi-block--padding-bottom-l {
  padding-bottom: 25px;
}

.c1.fi-block--padding-bottom-xl {
  padding-bottom: 30px;
}

.c1.fi-block--padding-bottom-xxl {
  padding-bottom: 40px;
}

.c1.fi-block--padding-bottom-xxxl {
  padding-bottom: 60px;
}

.c1.fi-block--padding-bottom-xxxxl {
  padding-bottom: 80px;
}

.c1.fi-block--padding-bottom-insetXxs {
  padding-bottom: 2px;
}

.c1.fi-block--padding-bottom-insetXs {
  padding-bottom: 4px;
}

.c1.fi-block--padding-bottom-insetS {
  padding-bottom: 6px;
}

.c1.fi-block--padding-bottom-insetM {
  padding-bottom: 8px;
}

.c1.fi-block--padding-bottom-insetL {
  padding-bottom: 10px;
}

.c1.fi-block--padding-bottom-insetXl {
  padding-bottom: 16px;
}

.c1.fi-block--padding-bottom-insetXxl {
  padding-bottom: 20px;
}

.c1.fi-block--padding-left-xxs {
  padding-left: 5px;
}

.c1.fi-block--padding-left-xs {
  padding-left: 10px;
}

.c1.fi-block--padding-left-s {
  padding-left: 15px;
}

.c1.fi-block--padding-left-m {
  padding-left: 20px;
}

.c1.fi-block--padding-left-l {
  padding-left: 25px;
}

.c1.fi-block--padding-left-xl {
  padding-left: 30px;
}

.c1.fi-block--padding-left-xxl {
  padding-left: 40px;
}

.c1.fi-block--padding-left-xxxl {
  padding-left: 60px;
}

.c1.fi-block--padding-left-xxxxl {
  padding-left: 80px;
}

.c1.fi-block--padding-left-insetXxs {
  padding-left: 2px;
}

.c1.fi-block--padding-left-insetXs {
  padding-left: 4px;
}

.c1.fi-block--padding-left-insetS {
  padding-left: 6px;
}

.c1.fi-block--padding-left-insetM {
  padding-left: 8px;
}

.c1.fi-block--padding-left-insetL {
  padding-left: 10px;
}

.c1.fi-block--padding-left-insetXl {
  padding-left: 16px;
}

.c1.fi-block--padding-left-insetXxl {
  padding-left: 20px;
}

<div
  data-testid="test-block"
>
  <div
    class="c0 fi-block c1"
  >
    Hey this is test
  </div>
  <div
    class="c0 fi-block c1 fi-block--padding-xxxl"
  >
    Hey this is test lead
  </div>
  <section
    class="fi-block c1 fi-block--section"
  >
    Hey this is test bold
  </section>
</div>
`;
